System Bootstrap, Version 15.1(4)M4, RELEASE SOFTWARE (fc1)
Technical Support: http://www.cisco.com/techsupport
Copyright (c) 2010 by cisco Systems, Inc.
Total memory size = 512 MB - On-board = 512 MB, DIMM0 = 0 MB
CISCO1941/K9 platform with 524288 Kbytes of main memory
Main memory is configured to 64/-1(On-board/DIMM0) bit mode with ECC disabled

Readonly ROMMON initialized

program load complete, entry point: 0x80803000, size: 0x1b340
program load complete, entry point: 0x80803000, size: 0x1b340

IOS Image Load Test
___________________
Digitally Signed Release Software
program load complete, entry point: 0x81000000, size: 0x2bb1c58
Self decompressing the image :
######################### [OK]
Smart Init is enabled
smart init is sizing iomem
                  TYPE      MEMORY_REQ
           HWIC Slot 0      0x00200000
           HWIC Slot 1      0x00200000     Onboard devices &
          buffer pools      0x01E8F000
-----------------------------------------------
                TOTAL:      0x02E8F000
Rounded IOMEM up to: 48Mb.
Using 6 percent iomem. [48Mb/512Mb]

              Restricted Rights Legend
Use, duplication, or disclosure by the Government is
subject to restrictions as set forth in subparagraph
(c) of the Commercial Computer Software - Restricted
Rights clause at FAR sec. 52.227-19 and subparagraph
(c) (1) (ii) of the Rights in Technical Data and Computer
Software clause at DFARS sec. 252.227-7013.
           cisco Systems, Inc.
           170 West Tasman Drive
           San Jose, California 95134-1706

Cisco IOS Software, C1900 Software (C1900-UNIVERSALK9-M), Version 15.1(4)M4, RELEASE SOFTWARE (fc2)
Technical Support: http://www.cisco.com/techsupport
Copyright (c) 1986-2012 by Cisco Systems, Inc.
Compiled Thurs 5-Jan-12 15:41 by pt_team
Image text-base: 0x2100F918, data-base: 0x24729040

This product contains cryptographic features and is subject to United
States and local country laws governing import, export, transfer and
use. Delivery of Cisco cryptographic products does not imply
third-party authority to import, export, distribute or use encryption.
Importers, exporters, distributors and users are responsible for
compliance with U.S. and local country laws. By using this product you
agree to comply with applicable laws and regulations. If you are unable
to comply with U.S. and local laws, return this product immediately.

A summary of U.S. laws governing Cisco cryptographic products may be found at:
http://www.cisco.com/wwl/export/crypto/tool/stqrg.html

If you require further assistance please contact us by sending email to
export@cisco.com.

Cisco CISCO1941/K9 (revision 1.0) with 491520K/32768K bytes of memory.
Processor board ID FTX152400KS
4 FastEthernet interface(s)
2 Gigabit Ethernet interfaces
2 Low-speed serial(sync/async) network interface(s)
DRAM configuration is 64 bits wide with parity disabled.
255K bytes of non-volatile configuration memory.
249856K bytes of ATA System CompactFlash 0 (Read/Write)

Press RETURN to get started!



Router>enable
Router#show running-config
Building configuration...

Current configuration : 1072 bytes
!
version 15.1
no service timestamps log datetime msec
no service timestamps debug datetime msec
no service password-encryption
!
hostname Router
!
!
!
!
!
!
!
!
ip cef
no ipv6 cef
!
!
!
!
license udi pid CISCO1941/K9 sn FTX152459PZ
!
!
!
!
!
!
!
!
!
!
!
spanning-tree mode pvst
!
!
!
!
!
!
interface GigabitEthernet0/0
 no ip address
 duplex auto
 speed auto
 shutdown
!
interface GigabitEthernet0/1
 no ip address
 duplex auto
 speed auto
 shutdown
!
interface Serial0/0/0
 no ip address
 clock rate 2000000
 shutdown
!
interface Serial0/0/1
 no ip address
 clock rate 2000000
 shutdown
!
interface FastEthernet0/1/0
 switchport mode access
 switchport nonegotiate
!
interface FastEthernet0/1/1
 switchport mode access
 switchport nonegotiate
!
interface FastEthernet0/1/2
 switchport mode access
 switchport nonegotiate
!
interface FastEthernet0/1/3
 switchport mode access
 switchport nonegotiate
!
interface Vlan1
 no ip address
 shutdown
!
ip classless
!
ip flow-export version 9
!
!
!
no cdp run
!
!
!
!
!
!
line con 0
!
line aux 0
!
line vty 0 4
 login
!
!
!
end


Router#
Router#show startup-config
startup-config is not present
Router#configure terminal
Enter configuration commands, one per line.  End with CNTL/Z.
Router(config)#hostname R1
R1(config)#line console 0
R1(config-line)#password letmein
R1(config-line)#login
R1(config-line)#exit
R1(config)#
R1(config)#enable password cisco
R1(config)#enable secret istasecret
R1(config)#
R1(config)#


---- Ejecuta un sh run --------------


R1(config)#
R1(config)#
R1(config)#service password-
R1(config)#service password-encryption 
R1(config)#exit
R1#
%SYS-5-CONFIG_I: Configured from console by console

R1#
R1#sh run
Building configuration...

Current configuration : 1181 bytes
!
version 15.1
no service timestamps log datetime msec
no service timestamps debug datetime msec
service password-encryption
!
hostname R1
!
!
!
enable secret 5 $1$mERr$ILwq/b7kc.7X/ejA4Aosn0
enable password 7 0822455D0A16
!
!
!
!
!
!
ip cef
no ipv6 cef
!
!
!
!
license udi pid CISCO1941/K9 sn FTX152459PZ
!
!
!
!
!
!
!
!
!
!
!
spanning-tree mode pvst
!
!
!
!
!
!
interface GigabitEthernet0/0
 no ip address
 duplex auto
 speed auto
 shutdown
!
interface GigabitEthernet0/1
 no ip address
 duplex auto
 speed auto
 shutdown
!
interface Serial0/0/0
 no ip address
 clock rate 2000000
 shutdown
!
interface Serial0/0/1
 no ip address
 clock rate 2000000
 shutdown
!
interface FastEthernet0/1/0
 switchport mode access
 switchport nonegotiate
!
interface FastEthernet0/1/1
 switchport mode access
 switchport nonegotiate
!
interface FastEthernet0/1/2
 switchport mode access
 switchport nonegotiate
!
interface FastEthernet0/1/3
 switchport mode access
 switchport nonegotiate
!
interface Vlan1
 no ip address
 shutdown
!
ip classless
!
ip flow-export version 9
!
!
!
no cdp run
!
!
!
!
!
!
line con 0
 password 7 082D495A041C0C19
 login
!
line aux 0
!
line vty 0 4
 login
!
!
!
end


R1#
R1#
R1#conf t
Enter configuration commands, one per line.  End with CNTL/Z.
R1(config)#
R1(config)#banner motd #Unauthorized access is strictily prohibited#
R1(config)#
R1(config)#end
R1#
%SYS-5-CONFIG_I: Configured from console by console

R1#
R1#exit









R1 con0 is now available






Press RETURN to get started.











Unauthorized access is strictily prohibited

User Access Verification

Password: 

R1>
R1>
R1>
R1>ena
Password: 
R1#
R1#show running-config
Building configuration...

Current configuration : 1239 bytes
!
version 15.1
no service timestamps log datetime msec
no service timestamps debug datetime msec
service password-encryption
!
hostname R1
!
!
!
enable secret 5 $1$mERr$ILwq/b7kc.7X/ejA4Aosn0
enable password 7 0822455D0A16
!
!
!
!
!
!
ip cef
no ipv6 cef
!
!
!
!
license udi pid CISCO1941/K9 sn FTX152459PZ
!
!
!
!
!
!
!
!
!
!
!
spanning-tree mode pvst
!
!
!
!
!
!
interface GigabitEthernet0/0
 no ip address
 duplex auto
 speed auto
 shutdown
!
interface GigabitEthernet0/1
 no ip address
 duplex auto
 speed auto
 shutdown
!
interface Serial0/0/0
 no ip address
 clock rate 2000000
 shutdown
!
interface Serial0/0/1
 no ip address
 clock rate 2000000
 shutdown
!
interface FastEthernet0/1/0
 switchport mode access
 switchport nonegotiate
!
interface FastEthernet0/1/1
 switchport mode access
 switchport nonegotiate
!
interface FastEthernet0/1/2
 switchport mode access
 switchport nonegotiate
!
interface FastEthernet0/1/3
 switchport mode access
 switchport nonegotiate
!
interface Vlan1
 no ip address
 shutdown
!
ip classless
!
ip flow-export version 9
!
!
!
no cdp run
!
banner motd ^CUnauthorized access is strictily prohibited^C
!
!
!
!
!
line con 0
 password 7 082D495A041C0C19
 login
!
line aux 0
!
line vty 0 4
 login
!
!
!
end


R1#
R1#
R1#exit









R1 con0 is now available






Press RETURN to get started.











Unauthorized access is strictily prohibited

User Access Verification

Password: 

R1>
R1>
R1>ena
Password: 
R1#
R1#copy runn
R1#copy running-config star
R1#copy running-config startup-config
Destination filename [startup-config]? 
Building configuration...
[OK]
R1#
R1#
R1#
R1#show star
R1#show startup-config 
Using 1239 bytes
!
version 15.1
no service timestamps log datetime msec
no service timestamps debug datetime msec
service password-encryption
!
hostname R1
!
!
!
enable secret 5 $1$mERr$ILwq/b7kc.7X/ejA4Aosn0
enable password 7 0822455D0A16
!
!
!
!
!
!
ip cef
no ipv6 cef
!
!
!
!
license udi pid CISCO1941/K9 sn FTX152459PZ
!
!
!
!
!
!
!
!
!
!
!
spanning-tree mode pvst
!
!
!
!
!
!
interface GigabitEthernet0/0
 no ip address
 duplex auto
 speed auto
 shutdown
!
interface GigabitEthernet0/1
 no ip address
 duplex auto
 speed auto
 shutdown
!
interface Serial0/0/0
 no ip address
 clock rate 2000000
 shutdown
!
interface Serial0/0/1
 no ip address
 clock rate 2000000
 shutdown
!
interface FastEthernet0/1/0
 switchport mode access
 switchport nonegotiate
!
interface FastEthernet0/1/1
 switchport mode access
 switchport nonegotiate
!
interface FastEthernet0/1/2
 switchport mode access
 switchport nonegotiate
!
interface FastEthernet0/1/3
 switchport mode access
 switchport nonegotiate
!
interface Vlan1
 no ip address
 shutdown
!
ip classless
!
ip flow-export version 9
!
!
!
no cdp run
!
banner motd ^CUnauthorized access is strictily prohibited^C
!
!
!
!
!
line con 0
 password 7 082D495A041C0C19
 login
!
line aux 0
!
line vty 0 4
 login
!
!
!
end


R1#
R1#
R1#show flash

System flash directory:
File  Length   Name/status
  3   33591768 c1900-universalk9-mz.SPA.151-4.M4.bin
  2   28282    sigdef-category.xml
  1   227537   sigdef-default.xml
[33847587 bytes used, 221896413 available, 255744000 total]
249856K bytes of processor board System flash (Read/Write)


R1#
R1#
R1#
R1#copy startup-config
% Incomplete command.
R1#copy startup-config flash
Destination filename [startup-config]? 

1239 bytes copied in 0.416 secs (2978 bytes/sec)
R1#
R1#show flash

System flash directory:
File  Length   Name/status
  3   33591768 c1900-universalk9-mz.SPA.151-4.M4.bin
  2   28282    sigdef-category.xml
  1   227537   sigdef-default.xml
  4   1239     startup-config
[33848826 bytes used, 221895174 available, 255744000 total]
249856K bytes of processor board System flash (Read/Write)


R1#
R1#